[themetechmount.com/html/altech-advanced/index.html]
[backblue.gif]
[fade.gif]
[index.html]
[themetechmount.com/html/altech-advanced/images/favicon.png]
[themetechmount.com/html/altech-advanced/css/bootstrap.min.css]
[themetechmount.com/html/altech-advanced/css/animate.css]
[themetechmount.com/html/altech-advanced/css/all.min.css]
[themetechmount.com/html/altech-advanced/css/fontello.css]
[themetechmount.com/html/altech-advanced/css/flaticon.css]
[themetechmount.com/html/altech-advanced/css/themify-icons.css]
[themetechmount.com/html/altech-advanced/css/aos.css]
[themetechmount.com/html/altech-advanced/css/slick.css]
[themetechmount.com/html/altech-advanced/css/prettyPhoto.css]
[themetechmount.com/html/altech-advanced/css/shortcodes.css]
[themetechmount.com/html/altech-advanced/css/main.css]
[themetechmount.com/html/altech-advanced/css/megamenu.css]
[themetechmount.com/html/altech-advanced/css/responsive.css]
[themetechmount.com/html/altech-advanced/revolution/css/rs6.css]
[themetechmount.com/html/altech-advanced/index-2.html]
[themetechmount.com/html/altech-advanced/about-us.html]
[themetechmount.com/html/altech-advanced/services.html]
[themetechmount.com/html/altech-advanced/our-team.html]
[themetechmount.com/html/altech-advanced/team-details.html]
[themetechmount.com/html/altech-advanced/error.html]
[themetechmount.com/html/altech-advanced/content-engineering.html]
[themetechmount.com/html/altech-advanced/experience-design.html]
[themetechmount.com/html/altech-advanced/projects-style-1.html]
[themetechmount.com/html/altech-advanced/projects-style-2.html]
[themetechmount.com/html/altech-advanced/project-details.html]
[themetechmount.com/html/altech-advanced/blog.html]
[themetechmount.com/html/altech-advanced/blog-single.html]
[themetechmount.com/html/altech-advanced/contact-us.html]
[themetechmount.com/html/altech-advanced/images/slider-main-01.png]
[themetechmount.com/html/altech-advanced/images/bgimg01.png]
[themetechmount.com/html/altech-advanced/images/icon-01.png]
[themetechmount.com/html/altech-advanced/images/icon-02.png]
[themetechmount.com/html/altech-advanced/images/icon-03.png]
[themetechmount.com/html/altech-advanced/images/icon-04.png]
[themetechmount.com/html/altech-advanced/images/bg-image/col-bgimage-1.jpg]
[themetechmount.com/html/altech-advanced/images/service-01-654x490.png]
[themetechmount.com/html/altech-advanced/images/service-05-654x490.jpg]
[themetechmount.com/html/altech-advanced/images/service-02-654x490.jpg]
[themetechmount.com/html/altech-advanced/images/service-06-654x490.jpg]
[themetechmount.com/html/altech-advanced/images/service-03-654x490.jpg]
[themetechmount.com/html/altech-advanced/images/service-07-654x490.png]
[themetechmount.com/html/altech-advanced/images/service-04-654x490.png]
[themetechmount.com/html/altech-advanced/images/service-08-654x490.png]
[themetechmount.com/html/altech-advanced/images/step01.png]
[themetechmount.com/html/altech-advanced/images/step02.png]
[themetechmount.com/html/altech-advanced/images/single-img-13.png]
[themetechmount.com/html/altech-advanced/images/blog/blog-01-828x894.png]
[themetechmount.com/html/altech-advanced/images/blog/blog-02-828x894.png]
[themetechmount.com/html/altech-advanced/images/blog/blog-03-828x894.jpg]
[themetechmount.com/html/altech-advanced/images/blog/blog-04-828x894.png]
[themetechmount.com/html/altech-advanced/images/client-07.png]
[themetechmount.com/html/altech-advanced/images/client-04.png]
[themetechmount.com/html/altech-advanced/images/client-06.png]
[themetechmount.com/html/altech-advanced/images/client-05.png]
[themetechmount.com/html/altech-advanced/js/jquery-migrate-3.4.0.min.js]
[themetechmount.com/html/altech-advanced/js/jquery-3.6.4.min.js]
[themetechmount.com/html/altech-advanced/js/bootstrap.bundle.js]
[themetechmount.com/html/altech-advanced/js/SplitText.js]
[themetechmount.com/html/altech-advanced/js/Scrolltrigger.js]
[themetechmount.com/html/altech-advanced/js/cursor.js]
[themetechmount.com/html/altech-advanced/js/gsap.js]
[themetechmount.com/html/altech-advanced/js/gsap.min.js]
[themetechmount.com/html/altech-advanced/js/gsap-animation.js]
[themetechmount.com/html/altech-advanced/js/jquery-validate.js]
[themetechmount.com/html/altech-advanced/js/jquery.prettyPhoto.js]
[themetechmount.com/html/altech-advanced/js/slick.min.js]
[themetechmount.com/html/altech-advanced/js/jquery-waypoints.js]
[themetechmount.com/html/altech-advanced/js/numinate.min.js]
[themetechmount.com/html/altech-advanced/js/imagesloaded.min.js]
[themetechmount.com/html/altech-advanced/js/jquery-isotope.js]
[themetechmount.com/html/altech-advanced/js/circle-progress.min.js]
[themetechmount.com/html/altech-advanced/js/main.js]
[themetechmount.com/html/altech-advanced/js/aos.js]
[themetechmount.com/html/altech-advanced/revolution/js/revolution.tools.min.js]
[themetechmount.com/html/altech-advanced/revolution/js/rs6.min.js]
[themetechmount.com/html/altech-advanced/revolution/js/slider.js]
[themetechmount.com/html/altech-advanced/index.html]
[themetechmount.com/html/altech-advanced/css/bootstrap.min.css]
[themetechmount.com/html/altech-advanced/css/animate.css]
[themetechmount.com/html/altech-advanced/fonts/fa-brands-400.eot]
[themetechmount.com/html/altech-advanced/fonts/fa-brands-400d41d.eot]
[themetechmount.com/html/altech-advanced/fonts/fa-brands-400.woff2]
[themetechmount.com/html/altech-advanced/fonts/fa-brands-400.woff]
[themetechmount.com/html/altech-advanced/fonts/fa-brands-400.ttf]
[themetechmount.com/html/altech-advanced/fonts/fa-regular-400.eot]
[themetechmount.com/html/altech-advanced/fonts/fa-regular-400d41d.eot]
[themetechmount.com/html/altech-advanced/fonts/fa-regular-400.woff2]
[themetechmount.com/html/altech-advanced/fonts/fa-regular-400.woff]
[themetechmount.com/html/altech-advanced/fonts/fa-regular-400.ttf]
[themetechmount.com/html/altech-advanced/fonts/fa-solid-900.eot]
[themetechmount.com/html/altech-advanced/fonts/fa-solid-900d41d.eot]
[themetechmount.com/html/altech-advanced/fonts/fa-solid-900.woff2]
[themetechmount.com/html/altech-advanced/fonts/fa-solid-900.woff]
[themetechmount.com/html/altech-advanced/fonts/fa-solid-900.ttf]
[themetechmount.com/html/altech-advanced/css/all.min.css]
[themetechmount.com/html/altech-advanced/fonts/fontello3043.eot]
[themetechmount.com/html/altech-advanced/fonts/fontello3043.woff2]
[themetechmount.com/html/altech-advanced/fonts/fontello3043.woff]
[themetechmount.com/html/altech-advanced/fonts/fontello3043.ttf]
[themetechmount.com/html/altech-advanced/css/fontello.css]
[themetechmount.com/html/altech-advanced/fonts/flaticond615.ttf]
[themetechmount.com/html/altech-advanced/fonts/flaticond615.woff]
[themetechmount.com/html/altech-advanced/fonts/flaticond615.woff2]
[themetechmount.com/html/altech-advanced/fonts/flaticond615.eot]
[themetechmount.com/html/altech-advanced/css/flaticon.css]
[themetechmount.com/html/altech-advanced/fonts/themify9f24.eot]
[themetechmount.com/html/altech-advanced/fonts/themifyd41d.eot]
[themetechmount.com/html/altech-advanced/fonts/themify9f24.woff]
[themetechmount.com/html/altech-advanced/fonts/themify9f24.ttf]
[themetechmount.com/html/altech-advanced/css/themify-icons.css]
[themetechmount.com/html/altech-advanced/css/aos.css]
[themetechmount.com/html/altech-advanced/css/slick.css]
[themetechmount.com/html/altech-advanced/images/prettyPhoto/default/sprite.png]
[themetechmount.com/html/altech-advanced/images/prettyPhoto/default/sprite_x.png]
[themetechmount.com/html/altech-advanced/images/prettyPhoto/default/sprite_y.png]
[themetechmount.com/html/altech-advanced/images/prettyPhoto/default/sprite_next.png]
[themetechmount.com/html/altech-advanced/images/prettyPhoto/default/sprite_prev.png]
[themetechmount.com/html/altech-advanced/images/prettyPhoto/default/default_thumb.png]
[themetechmount.com/html/altech-advanced/images/prettyPhoto/default/loader.gif]
[themetechmount.com/html/altech-advanced/images/prettyPhoto/light_rounded/sprite.png]
[themetechmount.com/html/altech-advanced/images/prettyPhoto/light_rounded/btnNext.png]
[themetechmount.com/html/altech-advanced/images/prettyPhoto/light_rounded/btnPrevious.png]
[themetechmount.com/html/altech-advanced/images/prettyPhoto/light_rounded/loader.gif]
[themetechmount.com/html/altech-advanced/images/prettyPhoto/dark_rounded/sprite.png]
[themetechmount.com/html/altech-advanced/images/prettyPhoto/dark_rounded/contentPattern.png]
[themetechmount.com/html/altech-advanced/images/prettyPhoto/dark_rounded/btnNext.png]
[themetechmount.com/html/altech-advanced/images/prettyPhoto/dark_rounded/btnPrevious.png]
[themetechmount.com/html/altech-advanced/images/prettyPhoto/dark_rounded/loader.gif]
[themetechmount.com/html/altech-advanced/images/prettyPhoto/dark_square/loader.gif]
[themetechmount.com/html/altech-advanced/images/prettyPhoto/dark_square/sprite.png]
[themetechmount.com/html/altech-advanced/images/prettyPhoto/dark_square/btnNext.png]
[themetechmount.com/html/altech-advanced/images/prettyPhoto/dark_square/btnPrevious.png]
[themetechmount.com/html/altech-advanced/images/prettyPhoto/light_square/sprite.png]
[themetechmount.com/html/altech-advanced/images/prettyPhoto/light_square/btnNext.png]
[themetechmount.com/html/altech-advanced/images/prettyPhoto/light_square/btnPrevious.png]
[themetechmount.com/html/altech-advanced/images/prettyPhoto/facebook/sprite.png]
[themetechmount.com/html/altech-advanced/images/prettyPhoto/facebook/contentPatternTop.png]
[themetechmount.com/html/altech-advanced/images/prettyPhoto/facebook/contentPatternLeft.png]
[themetechmount.com/html/altech-advanced/images/prettyPhoto/facebook/contentPatternRight.png]
[themetechmount.com/html/altech-advanced/images/prettyPhoto/facebook/loader.gif]
[themetechmount.com/html/altech-advanced/images/prettyPhoto/facebook/btnNext.png]
[themetechmount.com/html/altech-advanced/images/prettyPhoto/facebook/btnPrevious.png]
[themetechmount.com/html/altech-advanced/images/prettyPhoto/facebook/contentPatternBottom.png]
[themetechmount.com/html/altech-advanced/images/prettyPhoto/facebook/default_thumbnail.gif]
[themetechmount.com/html/altech-advanced/css/prettyPhoto.css]
[themetechmount.com/html/altech-advanced/images/bg-image/row-bgimage-1.png]
[themetechmount.com/html/altech-advanced/images/bg-image/row-bgimage-2.png]
[themetechmount.com/html/altech-advanced/images/bg-image/row-bgimage-3.jpg]
[themetechmount.com/html/altech-advanced/images/bg-image/row-bgimage-4.png]
[themetechmount.com/html/altech-advanced/images/bg-image/col-bgimage-2.png]
[themetechmount.com/html/altech-advanced/images/bg-image/col-bgimage-3.png]
[themetechmount.com/html/altech-advanced/images/bg-image/col-bgimage-4.jpg]
[themetechmount.com/html/altech-advanced/images/bg-image/col-bgimage-5.jpg]
[themetechmount.com/html/altech-advanced/images/bg-image/col-bgimage-6.png]
[themetechmount.com/html/altech-advanced/css/shortcodes.css]
[themetechmount.com/html/altech-advanced/images/bg-img-02.png]
[themetechmount.com/html/altech-advanced/images/footerbg.png]
[themetechmount.com/html/altech-advanced/images/pagetitle.png]
[themetechmount.com/html/altech-advanced/images/pagetitle01.png]
[themetechmount.com/html/altech-advanced/images/pagetitle02.png]
[themetechmount.com/html/altech-advanced/images/error-bg.png]
[themetechmount.com/html/altech-advanced/css/main.css]
[themetechmount.com/html/altech-advanced/css/megamenu.css]
[themetechmount.com/html/altech-advanced/css/responsive.css]
[themetechmount.com/html/altech-advanced/revolution/fonts/revicons/revicons90c6.eot]
[themetechmount.com/html/altech-advanced/revolution/fonts/revicons/revicons90c6.woff]
[themetechmount.com/html/altech-advanced/revolution/fonts/revicons/revicons90c6.ttf]
[themetechmount.com/html/altech-advanced/revolution/assets/loader.gif]
[themetechmount.com/html/altech-advanced/revolution/css/rs6.css]
[themetechmount.com/html/altech-advanced/index-2.html]
[themetechmount.com/html/altech-advanced/images/logo-light.svg]
[themetechmount.com/html/altech-advanced/images/single-img-14.png]
[themetechmount.com/html/altech-advanced/images/singleimg-04.jpg]
[themetechmount.com/html/altech-advanced/about-us.html]
[themetechmount.com/html/altech-advanced/images/singleimg-04.png]
[themetechmount.com/html/altech-advanced/images/tab-img01.png]
[themetechmount.com/html/altech-advanced/images/tab-img1.jpg]
[themetechmount.com/html/altech-advanced/images/tab-img02.jpg]
[themetechmount.com/html/altech-advanced/services.html]
[themetechmount.com/html/altech-advanced/images/team01.jpg]
[themetechmount.com/html/altech-advanced/images/team02.jpg]
[themetechmount.com/html/altech-advanced/images/team03.jpg]
[themetechmount.com/html/altech-advanced/images/team04.jpg]
[themetechmount.com/html/altech-advanced/images/team05.jpg]
[themetechmount.com/html/altech-advanced/images/team06.jpg]
[themetechmount.com/html/altech-advanced/our-team.html]
[themetechmount.com/html/altech-advanced/team-details.html]
[themetechmount.com/html/altech-advanced/error.html]
[themetechmount.com/html/altech-advanced/css/font-awesome.css]
[themetechmount.com/html/altech-advanced/images/single-img-10.jpg]
[themetechmount.com/html/altech-advanced/content-engineering.html]
[themetechmount.com/html/altech-advanced/images/single-img-11.jpg]
[themetechmount.com/html/altech-advanced/images/single-img-12.jpg]
[themetechmount.com/html/altech-advanced/experience-design.html]
[themetechmount.com/html/altech-advanced/images/pf-01-635x800.png]
[themetechmount.com/html/altech-advanced/images/pf-02-635x800.jpg]
[themetechmount.com/html/altech-advanced/images/pf-03-635x800.jpg]
[themetechmount.com/html/altech-advanced/images/pf-04-635x800.jpg]
[themetechmount.com/html/altech-advanced/images/pf-05-635x800.jpg]
[themetechmount.com/html/altech-advanced/images/pf-06-635x800.png]
[themetechmount.com/html/altech-advanced/projects-style-1.html]
[themetechmount.com/html/altech-advanced/images/pf-1-828x800.png]
[themetechmount.com/html/altech-advanced/images/pf-2-828x800.jpg]
[themetechmount.com/html/altech-advanced/images/pf-3-828x800.jpg]
[themetechmount.com/html/altech-advanced/images/pf-4-828x800.jpg]
[themetechmount.com/html/altech-advanced/images/pf-5-828x800.jpg]
[themetechmount.com/html/altech-advanced/images/pf-6-828x800.png]
[themetechmount.com/html/altech-advanced/projects-style-2.html]
[themetechmount.com/html/altech-advanced/images/protfolio-01.jpg]
[themetechmount.com/html/altech-advanced/images/single-img-05.jpg]
[themetechmount.com/html/altech-advanced/project-details.html]
[themetechmount.com/html/altech-advanced/images/blog/blog-05-828x894.jpg]
[themetechmount.com/html/altech-advanced/images/blog/blog-06-828x894.jpg]
[themetechmount.com/html/altech-advanced/blog.html]
[themetechmount.com/html/altech-advanced/images/post-01.png]
[themetechmount.com/html/altech-advanced/images/blog/blogdetails01.jpg]
[themetechmount.com/html/altech-advanced/images/blog/blogdetails02.jpg]
[themetechmount.com/html/altech-advanced/images/blog/blogdetails03.jpg]
[themetechmount.com/html/altech-advanced/images/blog/blog-img.jpg]
[themetechmount.com/html/altech-advanced/blog-single.html]
[themetechmount.com/html/altech-advanced/contact-us.html]
[themetechmount.com/html/altech-advanced/fonts/fa-brands-400.svg]
[themetechmount.com/html/altech-advanced/fonts/fa-regular-400.svg]
[themetechmount.com/html/altech-advanced/fonts/fa-solid-900.svg]
[themetechmount.com/html/altech-advanced/fonts/fontello3043.svg]
[themetechmount.com/html/altech-advanced/fonts/flaticond615.svg]
[themetechmount.com/html/altech-advanced/fonts/themify9f24.svg]
[themetechmount.com/html/altech-advanced/images/bg-image/row-bgimage-5.html]
[themetechmount.com/html/altech-advanced/images/bg-image/row-bgimage-6.html]
[themetechmount.com/html/altech-advanced/images/bg-image/row-bgimage-7.html]
[themetechmount.com/html/altech-advanced/images/floatingiocn-1.svg]
[themetechmount.com/html/altech-advanced/revolution/fonts/revicons/revicons90c6.svg]
[themetechmount.com/html/altech-advanced/revolution/css/openhand.html]
[themetechmount.com/html/altech-advanced/revolution/css/closedhand.html]
[themetechmount.com/html/altech-advanced/revolution/assets/gridtile.html]
[themetechmount.com/html/altech-advanced/revolution/assets/gridtile_white.html]
[themetechmount.com/html/altech-advanced/revolution/assets/gridtile_3x3.html]
[themetechmount.com/html/altech-advanced/revolution/assets/gridtile_3x3_white.html]
[themetechmount.com/html/altech-advanced/revolution/assets/coloredbg.html]
[themetechmount.com/html/altech-advanced/fonts/fontawesome-webfont3e6e.eot]
[themetechmount.com/html/altech-advanced/fonts/fontawesome-webfontd41d.eot]
[themetechmount.com/html/altech-advanced/fonts/fontawesome-webfont3e6e.woff2]
[themetechmount.com/html/altech-advanced/fonts/fontawesome-webfont3e6e.woff]
[themetechmount.com/html/altech-advanced/fonts/fontawesome-webfont3e6e.ttf]
[themetechmount.com/html/altech-advanced/css/font-awesome.css]
[themetechmount.com/html/altech-advanced/fonts/fontawesome-webfont3e6e.svg]
